// Jest Snapshot v1, https://goo.gl/fbAQLP

exports[`Theme Theme 1`] = `
<div>
  {"ligx":{"value":"正念"}}
  hello everyone
</div>
`;
